PM-2034 = they are a member of active directory but they don't have are not part of any roles this program is allowing.